<?xml version="1.0" encoding="UTF-8"?>
<testsuites>
  <testsuite name="E:\KULI AH\Semester\Semester 8\Tugas Akhir\Web 2\AzventoryWeb\phpunit.xml" tests="30" assertions="40" errors="4" failures="2" skipped="0" time="2.863681">
    <testsuite name="Feature" tests="30" assertions="40" errors="4" failures="2" skipped="0" time="2.863681">
      <testsuite name="Tests\Feature\Roles\AdminRoleTest" file="E:\KULI AH\Semester\Semester 8\Tugas Akhir\Web 2\AzventoryWeb\tests\Feature\Roles\AdminRoleTest.php" tests="30" assertions="40" errors="4" failures="2" skipped="0" time="2.863681">
        <testcase name="admin_can_access_admin_dashboard" file="E:\KULI AH\Semester\Semester 8\Tugas Akhir\Web 2\AzventoryWeb\tests\Feature\Roles\AdminRoleTest.php" line="41" class="Tests\Feature\Roles\AdminRoleTest" classname="Tests.Feature.Roles.AdminRoleTest" assertions="1" time="0.530129"/>
        <testcase name="admin_cannot_access_superadmin_dashboard" file="E:\KULI AH\Semester\Semester 8\Tugas Akhir\Web 2\AzventoryWeb\tests\Feature\Roles\AdminRoleTest.php" line="48" class="Tests\Feature\Roles\AdminRoleTest" classname="Tests.Feature.Roles.AdminRoleTest" assertions="1" time="0.029691"/>
        <testcase name="admin_cannot_access_operator_dashboard" file="E:\KULI AH\Semester\Semester 8\Tugas Akhir\Web 2\AzventoryWeb\tests\Feature\Roles\AdminRoleTest.php" line="55" class="Tests\Feature\Roles\AdminRoleTest" classname="Tests.Feature.Roles.AdminRoleTest" assertions="1" time="0.025543"/>
        <testcase name="admin_can_access_inventory_index" file="E:\KULI AH\Semester\Semester 8\Tugas Akhir\Web 2\AzventoryWeb\tests\Feature\Roles\AdminRoleTest.php" line="62" class="Tests\Feature\Roles\AdminRoleTest" classname="Tests.Feature.Roles.AdminRoleTest" assertions="1" time="0.051577"/>
        <testcase name="admin_cannot_access_stock_approvals" file="E:\KULI AH\Semester\Semester 8\Tugas Akhir\Web 2\AzventoryWeb\tests\Feature\Roles\AdminRoleTest.php" line="69" class="Tests\Feature\Roles\AdminRoleTest" classname="Tests.Feature.Roles.AdminRoleTest" assertions="1" time="0.025377"/>
        <testcase name="admin_can_access_reports" file="E:\KULI AH\Semester\Semester 8\Tugas Akhir\Web 2\AzventoryWeb\tests\Feature\Roles\AdminRoleTest.php" line="76" class="Tests\Feature\Roles\AdminRoleTest" classname="Tests.Feature.Roles.AdminRoleTest" assertions="1" time="0.032634"/>
        <testcase name="admin_cannot_access_activity_logs" file="E:\KULI AH\Semester\Semester 8\Tugas Akhir\Web 2\AzventoryWeb\tests\Feature\Roles\AdminRoleTest.php" line="83" class="Tests\Feature\Roles\AdminRoleTest" classname="Tests.Feature.Roles.AdminRoleTest" assertions="1" time="0.027694"/>
        <testcase name="admin_cannot_access_user_management" file="E:\KULI AH\Semester\Semester 8\Tugas Akhir\Web 2\AzventoryWeb\tests\Feature\Roles\AdminRoleTest.php" line="90" class="Tests\Feature\Roles\AdminRoleTest" classname="Tests.Feature.Roles.AdminRoleTest" assertions="1" time="0.025836"/>
        <testcase name="admin_can_create_inventory" file="E:\KULI AH\Semester\Semester 8\Tugas Akhir\Web 2\AzventoryWeb\tests\Feature\Roles\AdminRoleTest.php" line="97" class="Tests\Feature\Roles\AdminRoleTest" classname="Tests.Feature.Roles.AdminRoleTest" assertions="3" time="0.088177"/>
        <testcase name="admin_can_update_inventory" file="E:\KULI AH\Semester\Semester 8\Tugas Akhir\Web 2\AzventoryWeb\tests\Feature\Roles\AdminRoleTest.php" line="125" class="Tests\Feature\Roles\AdminRoleTest" classname="Tests.Feature.Roles.AdminRoleTest" assertions="3" time="0.035702"/>
        <testcase name="admin_can_soft_delete_inventory" file="E:\KULI AH\Semester\Semester 8\Tugas Akhir\Web 2\AzventoryWeb\tests\Feature\Roles\AdminRoleTest.php" line="155" class="Tests\Feature\Roles\AdminRoleTest" classname="Tests.Feature.Roles.AdminRoleTest" assertions="3" time="0.035039"/>
        <testcase name="admin_can_restore_inventory" file="E:\KULI AH\Semester\Semester 8\Tugas Akhir\Web 2\AzventoryWeb\tests\Feature\Roles\AdminRoleTest.php" line="165" class="Tests\Feature\Roles\AdminRoleTest" classname="Tests.Feature.Roles.AdminRoleTest" assertions="3" time="0.036614"/>
        <testcase name="admin_cannot_force_delete_inventory" file="E:\KULI AH\Semester\Semester 8\Tugas Akhir\Web 2\AzventoryWeb\tests\Feature\Roles\AdminRoleTest.php" line="176" class="Tests\Feature\Roles\AdminRoleTest" classname="Tests.Feature.Roles.AdminRoleTest" assertions="1" time="0.025824"/>
        <testcase name="admin_can_bulk_restore_inventory" file="E:\KULI AH\Semester\Semester 8\Tugas Akhir\Web 2\AzventoryWeb\tests\Feature\Roles\AdminRoleTest.php" line="186" class="Tests\Feature\Roles\AdminRoleTest" classname="Tests.Feature.Roles.AdminRoleTest" assertions="3" time="0.032270"/>
        <testcase name="admin_cannot_bulk_force_delete_inventory" file="E:\KULI AH\Semester\Semester 8\Tugas Akhir\Web 2\AzventoryWeb\tests\Feature\Roles\AdminRoleTest.php" line="203" class="Tests\Feature\Roles\AdminRoleTest" classname="Tests.Feature.Roles.AdminRoleTest" assertions="1" time="0.027176"/>
        <testcase name="admin_can_request_stock" file="E:\KULI AH\Semester\Semester 8\Tugas Akhir\Web 2\AzventoryWeb\tests\Feature\Roles\AdminRoleTest.php" line="218" class="Tests\Feature\Roles\AdminRoleTest" classname="Tests.Feature.Roles.AdminRoleTest" assertions="2" time="0.037291"/>
        <testcase name="admin_can_borrow_item" file="E:\KULI AH\Semester\Semester 8\Tugas Akhir\Web 2\AzventoryWeb\tests\Feature\Roles\AdminRoleTest.php" line="238" class="Tests\Feature\Roles\AdminRoleTest" classname="Tests.Feature.Roles.AdminRoleTest" assertions="2" time="0.032296"/>
        <testcase name="admin_can_access_profile_and_notifications" file="E:\KULI AH\Semester\Semester 8\Tugas Akhir\Web 2\AzventoryWeb\tests\Feature\Roles\AdminRoleTest.php" line="258" class="Tests\Feature\Roles\AdminRoleTest" classname="Tests.Feature.Roles.AdminRoleTest" assertions="2" time="0.043290"/>
        <testcase name="admin_can_access_inventory_create" file="E:\KULI AH\Semester\Semester 8\Tugas Akhir\Web 2\AzventoryWeb\tests\Feature\Roles\AdminRoleTest.php" line="268" class="Tests\Feature\Roles\AdminRoleTest" classname="Tests.Feature.Roles.AdminRoleTest" assertions="1" time="0.037858"/>
        <testcase name="admin_can_access_inventory_show" file="E:\KULI AH\Semester\Semester 8\Tugas Akhir\Web 2\AzventoryWeb\tests\Feature\Roles\AdminRoleTest.php" line="275" class="Tests\Feature\Roles\AdminRoleTest" classname="Tests.Feature.Roles.AdminRoleTest" assertions="1" time="0.040112"/>
        <testcase name="admin_can_access_inventory_edit" file="E:\KULI AH\Semester\Semester 8\Tugas Akhir\Web 2\AzventoryWeb\tests\Feature\Roles\AdminRoleTest.php" line="283" class="Tests\Feature\Roles\AdminRoleTest" classname="Tests.Feature.Roles.AdminRoleTest" assertions="1" time="0.038456"/>
        <testcase name="admin_can_access_scan_qr" file="E:\KULI AH\Semester\Semester 8\Tugas Akhir\Web 2\AzventoryWeb\tests\Feature\Roles\AdminRoleTest.php" line="291" class="Tests\Feature\Roles\AdminRoleTest" classname="Tests.Feature.Roles.AdminRoleTest" assertions="1" time="0.029142"/>
        <testcase name="admin_can_check_part_number" file="E:\KULI AH\Semester\Semester 8\Tugas Akhir\Web 2\AzventoryWeb\tests\Feature\Roles\AdminRoleTest.php" line="298" class="Tests\Feature\Roles\AdminRoleTest" classname="Tests.Feature.Roles.AdminRoleTest" assertions="2" time="0.027691"/>
        <testcase name="admin_can_download_qr_code" file="E:\KULI AH\Semester\Semester 8\Tugas Akhir\Web 2\AzventoryWeb\tests\Feature\Roles\AdminRoleTest.php" line="307" class="Tests\Feature\Roles\AdminRoleTest" classname="Tests.Feature.Roles.AdminRoleTest" assertions="1" time="0.954344">
          <failure type="PHPUnit\Framework\ExpectationFailedException">Tests\Feature\Roles\AdminRoleTest::admin_can_download_qr_code&#13;
Expected response status code [200] but received 500.
Failed asserting that 500 is identical to 200.&#13;
&#13;
The following exception occurred during the last request:

Mockery\Exception\BadMethodCallException: Received Mockery_3_App_Services_QrCodeService::getLabelFilename(), but no expectations were specified in E:\KULI AH\Semester\Semester 8\Tugas Akhir\Web 2\AzventoryWeb\vendor\mockery\mockery\library\Mockery\Loader\EvalLoader.php(30) : eval()'d code:974
Stack trace:
#0 E:\KULI AH\Semester\Semester 8\Tugas Akhir\Web 2\AzventoryWeb\vendor\mockery\mockery\library\Mockery\Loader\EvalLoader.php(30) : eval()'d code(1037): Mockery_3_App_Services_QrCodeService-&gt;_mockery_handleMethodCall('getLabelFilenam...', Array)
#1 E:\KULI AH\Semester\Semester 8\Tugas Akhir\Web 2\AzventoryWeb\app\Http\Controllers\Inventory\InventoryController.php(212): Mockery_3_App_Services_QrCodeService-&gt;getLabelFilename(Object(App\Models\Sparepart))
#2 E:\KULI AH\Semester\Semester 8\Tugas Akhir\Web 2\AzventoryWeb\vendor\laravel\framework\src\Illuminate\Routing\Controller.php(54): App\Http\Controllers\Inventory\InventoryController-&gt;downloadQrCode(Object(App\Models\Sparepart))
#3 E:\KULI AH\Semester\Semester 8\Tugas Akhir\Web 2\AzventoryWeb\vendor\laravel\framework\src\Illuminate\Routing\ControllerDispatcher.php(43): Illuminate\Routing\Controller-&gt;callAction('downloadQrCode', Array)
#4 E:\KULI AH\Semester\Semester 8\Tugas Akhir\Web 2\AzventoryWeb\vendor\laravel\framework\src\Illuminate\Routing\Route.php(265): Illuminate\Routing\ControllerDispatcher-&gt;dispatch(Object(Illuminate\Routing\Route), Object(App\Http\Controllers\Inventory\InventoryController), 'downloadQrCode')
#5 E:\KULI AH\Semester\Semester 8\Tugas Akhir\Web 2\AzventoryWeb\vendor\laravel\framework\src\Illuminate\Routing\Route.php(211): Illuminate\Routing\Route-&gt;runController()
#6 E:\KULI AH\Semester\Semester 8\Tugas Akhir\Web 2\AzventoryWeb\vendor\laravel\framework\src\Illuminate\Routing\Router.php(822): Illuminate\Routing\Route-&gt;run()
#7 E:\KULI AH\Semester\Semester 8\Tugas Akhir\Web 2\AzventoryWeb\vendor\laravel\framework\src\Illuminate\Pipeline\Pipeline.php(180): Illuminate\Routing\Router-&gt;Illuminate\Routing\{closure}(Object(Illuminate\Http\Request))
#8 E:\KULI AH\Semester\Semester 8\Tugas Akhir\Web 2\AzventoryWeb\app\Http\Middleware\RoleMiddleware.php(22): Illuminate\Pipeline\Pipeline-&gt;Illuminate\Pipeline\{closure}(Object(Illuminate\Http\Request))
#9 E:\KULI AH\Semester\Semester 8\Tugas Akhir\Web 2\AzventoryWeb\vendor\laravel\framework\src\Illuminate\Pipeline\Pipeline.php(219): App\Http\Middleware\RoleMiddleware-&gt;handle(Object(Illuminate\Http\Request), Object(Closure), 'superadmin', 'admin', 'operator')
#10 E:\KULI AH\Semester\Semester 8\Tugas Akhir\Web 2\AzventoryWeb\app\Http\Middleware\EnsurePasswordIsChanged.php(22): Illuminate\Pipeline\Pipeline-&gt;Illuminate\Pipeline\{closure}(Object(Illuminate\Http\Request))
#11 E:\KULI AH\Semester\Semester 8\Tugas Akhir\Web 2\AzventoryWeb\vendor\laravel\framework\src\Illuminate\Pipeline\Pipeline.php(219): App\Http\Middleware\EnsurePasswordIsChanged-&gt;handle(Object(Illuminate\Http\Request), Object(Closure))
#12 E:\KULI AH\Semester\Semester 8\Tugas Akhir\Web 2\AzventoryWeb\vendor\laravel\framework\src\Illuminate\Auth\Middleware\EnsureEmailIsVerified.php(41): Illuminate\Pipeline\Pipeline-&gt;Illuminate\Pipeline\{closure}(Object(Illuminate\Http\Request))
#13 E:\KULI AH\Semester\Semester 8\Tugas Akhir\Web 2\AzventoryWeb\vendor\laravel\framework\src\Illuminate\Pipeline\Pipeline.php(219): Illuminate\Auth\Middleware\EnsureEmailIsVerified-&gt;handle(Object(Illuminate\Http\Request), Object(Closure))
#14 E:\KULI AH\Semester\Semester 8\Tugas Akhir\Web 2\AzventoryWeb\vendor\laravel\framework\src\Illuminate\Routing\Middleware\SubstituteBindings.php(50): Illuminate\Pipeline\Pipeline-&gt;Illuminate\Pipeline\{closure}(Object(Illuminate\Http\Request))
#15 E:\KULI AH\Semester\Semester 8\Tugas Akhir\Web 2\AzventoryWeb\vendor\laravel\framework\src\Illuminate\Pipeline\Pipeline.php(219): Illuminate\Routing\Middleware\SubstituteBindings-&gt;handle(Object(Illuminate\Http\Request), Object(Closure))
#16 E:\KULI AH\Semester\Semester 8\Tugas Akhir\Web 2\AzventoryWeb\vendor\laravel\framework\src\Illuminate\Auth\Middleware\Authenticate.php(63): Illuminate\Pipeline\Pipeline-&gt;Illuminate\Pipeline\{closure}(Object(Illuminate\Http\Request))
#17 E:\KULI AH\Semester\Semester 8\Tugas Akhir\Web 2\AzventoryWeb\vendor\laravel\framework\src\Illuminate\Pipeline\Pipeline.php(219): Illuminate\Auth\Middleware\Authenticate-&gt;handle(Object(Illuminate\Http\Request), Object(Closure))
#18 E:\KULI AH\Semester\Semester 8\Tugas Akhir\Web 2\AzventoryWeb\vendor\laravel\framework\src\Illuminate\Foundation\Http\Middleware\VerifyCsrfToken.php(87): Illuminate\Pipeline\Pipeline-&gt;Illuminate\Pipeline\{closure}(Object(Illuminate\Http\Request))
#19 E:\KULI AH\Semester\Semester 8\Tugas Akhir\Web 2\AzventoryWeb\vendor\laravel\framework\src\Illuminate\Pipeline\Pipeline.php(219): Illuminate\Foundation\Http\Middleware\VerifyCsrfToken-&gt;handle(Object(Illuminate\Http\Request), Object(Closure))
#20 E:\KULI AH\Semester\Semester 8\Tugas Akhir\Web 2\AzventoryWeb\vendor\laravel\framework\src\Illuminate\View\Middleware\ShareErrorsFromSession.php(48): Illuminate\Pipeline\Pipeline-&gt;Illuminate\Pipeline\{closure}(Object(Illuminate\Http\Request))
#21 E:\KULI AH\Semester\Semester 8\Tugas Akhir\Web 2\AzventoryWeb\vendor\laravel\framework\src\Illuminate\Pipeline\Pipeline.php(219): Illuminate\View\Middleware\ShareErrorsFromSession-&gt;handle(Object(Illuminate\Http\Request), Object(Closure))
#22 E:\KULI AH\Semester\Semester 8\Tugas Akhir\Web 2\AzventoryWeb\vendor\laravel\framework\src\Illuminate\Session\Middleware\StartSession.php(120): Illuminate\Pipeline\Pipeline-&gt;Illuminate\Pipeline\{closure}(Object(Illuminate\Http\Request))
#23 E:\KULI AH\Semester\Semester 8\Tugas Akhir\Web 2\AzventoryWeb\vendor\laravel\framework\src\Illuminate\Session\Middleware\StartSession.php(63): Illuminate\Session\Middleware\StartSession-&gt;handleStatefulRequest(Object(Illuminate\Http\Request), Object(Illuminate\Session\Store), Object(Closure))
#24 E:\KULI AH\Semester\Semester 8\Tugas Akhir\Web 2\AzventoryWeb\vendor\laravel\framework\src\Illuminate\Pipeline\Pipeline.php(219): Illuminate\Session\Middleware\StartSession-&gt;handle(Object(Illuminate\Http\Request), Object(Closure))
#25 E:\KULI AH\Semester\Semester 8\Tugas Akhir\Web 2\AzventoryWeb\vendor\laravel\framework\src\Illuminate\Cookie\Middleware\AddQueuedCookiesToResponse.php(36): Illuminate\Pipeline\Pipeline-&gt;Illuminate\Pipeline\{closure}(Object(Illuminate\Http\Request))
#26 E:\KULI AH\Semester\Semester 8\Tugas Akhir\Web 2\AzventoryWeb\vendor\laravel\framework\src\Illuminate\Pipeline\Pipeline.php(219): Illuminate\Cookie\Middleware\AddQueuedCookiesToResponse-&gt;handle(Object(Illuminate\Http\Request), Object(Closure))
#27 E:\KULI AH\Semester\Semester 8\Tugas Akhir\Web 2\AzventoryWeb\vendor\laravel\framework\src\Illuminate\Cookie\Middleware\EncryptCookies.php(74): Illuminate\Pipeline\Pipeline-&gt;Illuminate\Pipeline\{closure}(Object(Illuminate\Http\Request))
#28 E:\KULI AH\Semester\Semester 8\Tugas Akhir\Web 2\AzventoryWeb\vendor\laravel\framework\src\Illuminate\Pipeline\Pipeline.php(219): Illuminate\Cookie\Middleware\EncryptCookies-&gt;handle(Object(Illuminate\Http\Request), Object(Closure))
#29 E:\KULI AH\Semester\Semester 8\Tugas Akhir\Web 2\AzventoryWeb\vendor\laravel\framework\src\Illuminate\Pipeline\Pipeline.php(137): Illuminate\Pipeline\Pipeline-&gt;Illuminate\Pipeline\{closure}(Object(Illuminate\Http\Request))
#30 E:\KULI AH\Semester\Semester 8\Tugas Akhir\Web 2\AzventoryWeb\vendor\laravel\framework\src\Illuminate\Routing\Router.php(821): Illuminate\Pipeline\Pipeline-&gt;then(Object(Closure))
#31 E:\KULI AH\Semester\Semester 8\Tugas Akhir\Web 2\AzventoryWeb\vendor\laravel\framework\src\Illuminate\Routing\Router.php(800): Illuminate\Routing\Router-&gt;runRouteWithinStack(Object(Illuminate\Routing\Route), Object(Illuminate\Http\Request))
#32 E:\KULI AH\Semester\Semester 8\Tugas Akhir\Web 2\AzventoryWeb\vendor\laravel\framework\src\Illuminate\Routing\Router.php(764): Illuminate\Routing\Router-&gt;runRoute(Object(Illuminate\Http\Request), Object(Illuminate\Routing\Route))
#33 E:\KULI AH\Semester\Semester 8\Tugas Akhir\Web 2\AzventoryWeb\vendor\laravel\framework\src\Illuminate\Routing\Router.php(753): Illuminate\Routing\Router-&gt;dispatchToRoute(Object(Illuminate\Http\Request))
#34 E:\KULI AH\Semester\Semester 8\Tugas Akhir\Web 2\AzventoryWeb\vendor\laravel\framework\src\Illuminate\Foundation\Http\Kernel.php(200): Illuminate\Routing\Router-&gt;dispatch(Object(Illuminate\Http\Request))
#35 E:\KULI AH\Semester\Semester 8\Tugas Akhir\Web 2\AzventoryWeb\vendor\laravel\framework\src\Illuminate\Pipeline\Pipeline.php(180): Illuminate\Foundation\Http\Kernel-&gt;Illuminate\Foundation\Http\{closure}(Object(Illuminate\Http\Request))
#36 E:\KULI AH\Semester\Semester 8\Tugas Akhir\Web 2\AzventoryWeb\vendor\laravel\framework\src\Illuminate\Foundation\Http\Middleware\TransformsRequest.php(21): Illuminate\Pipeline\Pipeline-&gt;Illuminate\Pipeline\{closure}(Object(Illuminate\Http\Request))
#37 E:\KULI AH\Semester\Semester 8\Tugas Akhir\Web 2\AzventoryWeb\vendor\laravel\framework\src\Illuminate\Foundation\Http\Middleware\ConvertEmptyStringsToNull.php(31): Illuminate\Foundation\Http\Middleware\TransformsRequest-&gt;handle(Object(Illuminate\Http\Request), Object(Closure))
#38 E:\KULI AH\Semester\Semester 8\Tugas Akhir\Web 2\AzventoryWeb\vendor\laravel\framework\src\Illuminate\Pipeline\Pipeline.php(219): Illuminate\Foundation\Http\Middleware\ConvertEmptyStringsToNull-&gt;handle(Object(Illuminate\Http\Request), Object(Closure))
#39 E:\KULI AH\Semester\Semester 8\Tugas Akhir\Web 2\AzventoryWeb\vendor\laravel\framework\src\Illuminate\Foundation\Http\Middleware\TransformsRequest.php(21): Illuminate\Pipeline\Pipeline-&gt;Illuminate\Pipeline\{closure}(Object(Illuminate\Http\Request))
#40 E:\KULI AH\Semester\Semester 8\Tugas Akhir\Web 2\AzventoryWeb\vendor\laravel\framework\src\Illuminate\Foundation\Http\Middleware\TrimStrings.php(51): Illuminate\Foundation\Http\Middleware\TransformsRequest-&gt;handle(Object(Illuminate\Http\Request), Object(Closure))
#41 E:\KULI AH\Semester\Semester 8\Tugas Akhir\Web 2\AzventoryWeb\vendor\laravel\framework\src\Illuminate\Pipeline\Pipeline.php(219): Illuminate\Foundation\Http\Middleware\TrimStrings-&gt;handle(Object(Illuminate\Http\Request), Object(Closure))
#42 E:\KULI AH\Semester\Semester 8\Tugas Akhir\Web 2\AzventoryWeb\vendor\laravel\framework\src\Illuminate\Http\Middleware\ValidatePostSize.php(27): Illuminate\Pipeline\Pipeline-&gt;Illuminate\Pipeline\{closure}(Object(Illuminate\Http\Request))
#43 E:\KULI AH\Semester\Semester 8\Tugas Akhir\Web 2\AzventoryWeb\vendor\laravel\framework\src\Illuminate\Pipeline\Pipeline.php(219): Illuminate\Http\Middleware\ValidatePostSize-&gt;handle(Object(Illuminate\Http\Request), Object(Closure))
#44 E:\KULI AH\Semester\Semester 8\Tugas Akhir\Web 2\AzventoryWeb\vendor\laravel\framework\src\Illuminate\Foundation\Http\Middleware\PreventRequestsDuringMaintenance.php(109): Illuminate\Pipeline\Pipeline-&gt;Illuminate\Pipeline\{closure}(Object(Illuminate\Http\Request))
#45 E:\KULI AH\Semester\Semester 8\Tugas Akhir\Web 2\AzventoryWeb\vendor\laravel\framework\src\Illuminate\Pipeline\Pipeline.php(219): Illuminate\Foundation\Http\Middleware\PreventRequestsDuringMaintenance-&gt;handle(Object(Illuminate\Http\Request), Object(Closure))
#46 E:\KULI AH\Semester\Semester 8\Tugas Akhir\Web 2\AzventoryWeb\vendor\laravel\framework\src\Illuminate\Http\Middleware\HandleCors.php(48): Illuminate\Pipeline\Pipeline-&gt;Illuminate\Pipeline\{closure}(Object(Illuminate\Http\Request))
#47 E:\KULI AH\Semester\Semester 8\Tugas Akhir\Web 2\AzventoryWeb\vendor\laravel\framework\src\Illuminate\Pipeline\Pipeline.php(219): Illuminate\Http\Middleware\HandleCors-&gt;handle(Object(Illuminate\Http\Request), Object(Closure))
#48 E:\KULI AH\Semester\Semester 8\Tugas Akhir\Web 2\AzventoryWeb\vendor\laravel\framework\src\Illuminate\Http\Middleware\TrustProxies.php(58): Illuminate\Pipeline\Pipeline-&gt;Illuminate\Pipeline\{closure}(Object(Illuminate\Http\Request))
#49 E:\KULI AH\Semester\Semester 8\Tugas Akhir\Web 2\AzventoryWeb\vendor\laravel\framework\src\Illuminate\Pipeline\Pipeline.php(219): Illuminate\Http\Middleware\TrustProxies-&gt;handle(Object(Illuminate\Http\Request), Object(Closure))
#50 E:\KULI AH\Semester\Semester 8\Tugas Akhir\Web 2\AzventoryWeb\vendor\laravel\framework\src\Illuminate\Foundation\Http\Middleware\InvokeDeferredCallbacks.php(22): Illuminate\Pipeline\Pipeline-&gt;Illuminate\Pipeline\{closure}(Object(Illuminate\Http\Request))
#51 E:\KULI AH\Semester\Semester 8\Tugas Akhir\Web 2\AzventoryWeb\vendor\laravel\framework\src\Illuminate\Pipeline\Pipeline.php(219): Illuminate\Foundation\Http\Middleware\InvokeDeferredCallbacks-&gt;handle(Object(Illuminate\Http\Request), Object(Closure))
#52 E:\KULI AH\Semester\Semester 8\Tugas Akhir\Web 2\AzventoryWeb\vendor\laravel\framework\src\Illuminate\Http\Middleware\ValidatePathEncoding.php(26): Illuminate\Pipeline\Pipeline-&gt;Illuminate\Pipeline\{closure}(Object(Illuminate\Http\Request))
#53 E:\KULI AH\Semester\Semester 8\Tugas Akhir\Web 2\AzventoryWeb\vendor\laravel\framework\src\Illuminate\Pipeline\Pipeline.php(219): Illuminate\Http\Middleware\ValidatePathEncoding-&gt;handle(Object(Illuminate\Http\Request), Object(Closure))
#54 E:\KULI AH\Semester\Semester 8\Tugas Akhir\Web 2\AzventoryWeb\vendor\laravel\framework\src\Illuminate\Pipeline\Pipeline.php(137): Illuminate\Pipeline\Pipeline-&gt;Illuminate\Pipeline\{closure}(Object(Illuminate\Http\Request))
#55 E:\KULI AH\Semester\Semester 8\Tugas Akhir\Web 2\AzventoryWeb\vendor\laravel\framework\src\Illuminate\Foundation\Http\Kernel.php(175): Illuminate\Pipeline\Pipeline-&gt;then(Object(Closure))
#56 E:\KULI AH\Semester\Semester 8\Tugas Akhir\Web 2\AzventoryWeb\vendor\laravel\framework\src\Illuminate\Foundation\Http\Kernel.php(144): Illuminate\Foundation\Http\Kernel-&gt;sendRequestThroughRouter(Object(Illuminate\Http\Request))
#57 E:\KULI AH\Semester\Semester 8\Tugas Akhir\Web 2\AzventoryWeb\vendor\laravel\framework\src\Illuminate\Foundation\Testing\Concerns\MakesHttpRequests.php(607): Illuminate\Foundation\Http\Kernel-&gt;handle(Object(Illuminate\Http\Request))
#58 E:\KULI AH\Semester\Semester 8\Tugas Akhir\Web 2\AzventoryWeb\vendor\laravel\framework\src\Illuminate\Foundation\Testing\Concerns\MakesHttpRequests.php(368): Illuminate\Foundation\Testing\TestCase-&gt;call('GET', 'http://127.0.0....', Array, Array, Array, Array)
#59 E:\KULI AH\Semester\Semester 8\Tugas Akhir\Web 2\AzventoryWeb\tests\Feature\Roles\AdminRoleTest.php(310): Illuminate\Foundation\Testing\TestCase-&gt;get('http://127.0.0....')
#60 E:\KULI AH\Semester\Semester 8\Tugas Akhir\Web 2\AzventoryWeb\vendor\phpunit\phpunit\src\Framework\TestCase.php(1657): Tests\Feature\Roles\AdminRoleTest-&gt;admin_can_download_qr_code()
#61 E:\KULI AH\Semester\Semester 8\Tugas Akhir\Web 2\AzventoryWeb\vendor\phpunit\phpunit\src\Framework\TestCase.php(515): PHPUnit\Framework\TestCase-&gt;runTest()
#62 E:\KULI AH\Semester\Semester 8\Tugas Akhir\Web 2\AzventoryWeb\vendor\phpunit\phpunit\src\Framework\TestRunner\TestRunner.php(87): PHPUnit\Framework\TestCase-&gt;runBare()
#63 E:\KULI AH\Semester\Semester 8\Tugas Akhir\Web 2\AzventoryWeb\vendor\phpunit\phpunit\src\Framework\TestCase.php(361): PHPUnit\Framework\TestRunner-&gt;run(Object(Tests\Feature\Roles\AdminRoleTest))
#64 E:\KULI AH\Semester\Semester 8\Tugas Akhir\Web 2\AzventoryWeb\vendor\phpunit\phpunit\src\Framework\TestSuite.php(369): PHPUnit\Framework\TestCase-&gt;run()
#65 E:\KULI AH\Semester\Semester 8\Tugas Akhir\Web 2\AzventoryWeb\vendor\phpunit\phpunit\src\Framework\TestSuite.php(369): PHPUnit\Framework\TestSuite-&gt;run()
#66 E:\KULI AH\Semester\Semester 8\Tugas Akhir\Web 2\AzventoryWeb\vendor\phpunit\phpunit\src\Framework\TestSuite.php(369): PHPUnit\Framework\TestSuite-&gt;run()
#67 E:\KULI AH\Semester\Semester 8\Tugas Akhir\Web 2\AzventoryWeb\vendor\phpunit\phpunit\src\TextUI\TestRunner.php(64): PHPUnit\Framework\TestSuite-&gt;run()
#68 E:\KULI AH\Semester\Semester 8\Tugas Akhir\Web 2\AzventoryWeb\vendor\phpunit\phpunit\src\TextUI\Application.php(211): PHPUnit\TextUI\TestRunner-&gt;run(Object(PHPUnit\TextUI\Configuration\Configuration), Object(PHPUnit\Runner\ResultCache\DefaultResultCache), Object(PHPUnit\Framework\TestSuite))
#69 E:\KULI AH\Semester\Semester 8\Tugas Akhir\Web 2\AzventoryWeb\vendor\phpunit\phpunit\phpunit(104): PHPUnit\TextUI\Application-&gt;run(Array)
#70 E:\KULI AH\Semester\Semester 8\Tugas Akhir\Web 2\AzventoryWeb\vendor\bin\phpunit(122): include('E:\\KULI AH\\Seme...')
#71 {main}

----------------------------------------------------------------------------------

Received Mockery_3_App_Services_QrCodeService::getLabelFilename(), but no expectations were specified
&#13;
E:\KULI AH\Semester\Semester 8\Tugas Akhir\Web 2\AzventoryWeb\vendor\laravel\framework\src\Illuminate\Testing\TestResponseAssert.php:45
E:\KULI AH\Semester\Semester 8\Tugas Akhir\Web 2\AzventoryWeb\vendor\laravel\framework\src\Illuminate\Testing\TestResponse.php:174
E:\KULI AH\Semester\Semester 8\Tugas Akhir\Web 2\AzventoryWeb\tests\Feature\Roles\AdminRoleTest.php:311</failure>
        </testcase>
        <testcase name="admin_can_print_qr_code" file="E:\KULI AH\Semester\Semester 8\Tugas Akhir\Web 2\AzventoryWeb\tests\Feature\Roles\AdminRoleTest.php" line="315" class="Tests\Feature\Roles\AdminRoleTest" classname="Tests.Feature.Roles.AdminRoleTest" assertions="1" time="0.065215">
          <failure type="PHPUnit\Framework\ExpectationFailedException">Tests\Feature\Roles\AdminRoleTest::admin_can_print_qr_code&#13;
Expected response status code [200] but received 404.
Failed asserting that 404 is identical to 200.
&#13;
E:\KULI AH\Semester\Semester 8\Tugas Akhir\Web 2\AzventoryWeb\vendor\laravel\framework\src\Illuminate\Testing\TestResponseAssert.php:45
E:\KULI AH\Semester\Semester 8\Tugas Akhir\Web 2\AzventoryWeb\vendor\laravel\framework\src\Illuminate\Testing\TestResponse.php:174
E:\KULI AH\Semester\Semester 8\Tugas Akhir\Web 2\AzventoryWeb\tests\Feature\Roles\AdminRoleTest.php:319</failure>
        </testcase>
        <testcase name="admin_can_access_borrow_history" file="E:\KULI AH\Semester\Semester 8\Tugas Akhir\Web 2\AzventoryWeb\tests\Feature\Roles\AdminRoleTest.php" line="323" class="Tests\Feature\Roles\AdminRoleTest" classname="Tests.Feature.Roles.AdminRoleTest" assertions="0" time="0.064370">
          <error type="Illuminate\Database\QueryException">Tests\Feature\Roles\AdminRoleTest::admin_can_access_borrow_history&#13;
Illuminate\Database\QueryException: SQLSTATE[23000]: Integrity constraint violation: 19 NOT NULL constraint failed: borrowings.borrower_name (Connection: sqlite, Database: :memory:, SQL: insert into "borrowings" ("sparepart_id", "user_id", "quantity", "status", "expected_return_at", "updated_at", "created_at") values (1, 1, 1, borrowed, 2026-02-23 00:10:48, 2026-02-21 00:10:48, 2026-02-21 00:10:48))
&#13;
E:\KULI AH\Semester\Semester 8\Tugas Akhir\Web 2\AzventoryWeb\vendor\laravel\framework\src\Illuminate\Database\Connection.php:838
E:\KULI AH\Semester\Semester 8\Tugas Akhir\Web 2\AzventoryWeb\vendor\laravel\framework\src\Illuminate\Database\Connection.php:794
E:\KULI AH\Semester\Semester 8\Tugas Akhir\Web 2\AzventoryWeb\vendor\laravel\framework\src\Illuminate\Database\Connection.php:573
E:\KULI AH\Semester\Semester 8\Tugas Akhir\Web 2\AzventoryWeb\vendor\laravel\framework\src\Illuminate\Database\Connection.php:537
E:\KULI AH\Semester\Semester 8\Tugas Akhir\Web 2\AzventoryWeb\vendor\laravel\framework\src\Illuminate\Database\Query\Processors\Processor.php:32
E:\KULI AH\Semester\Semester 8\Tugas Akhir\Web 2\AzventoryWeb\vendor\laravel\framework\src\Illuminate\Database\Query\Builder.php:4033
E:\KULI AH\Semester\Semester 8\Tugas Akhir\Web 2\AzventoryWeb\vendor\laravel\framework\src\Illuminate\Database\Eloquent\Builder.php:2235
E:\KULI AH\Semester\Semester 8\Tugas Akhir\Web 2\AzventoryWeb\vendor\laravel\framework\src\Illuminate\Database\Eloquent\Model.php:1436
E:\KULI AH\Semester\Semester 8\Tugas Akhir\Web 2\AzventoryWeb\vendor\laravel\framework\src\Illuminate\Database\Eloquent\Model.php:1401
E:\KULI AH\Semester\Semester 8\Tugas Akhir\Web 2\AzventoryWeb\vendor\laravel\framework\src\Illuminate\Database\Eloquent\Model.php:1240
E:\KULI AH\Semester\Semester 8\Tugas Akhir\Web 2\AzventoryWeb\vendor\laravel\framework\src\Illuminate\Database\Eloquent\Builder.php:1219
E:\KULI AH\Semester\Semester 8\Tugas Akhir\Web 2\AzventoryWeb\vendor\laravel\framework\src\Illuminate\Support\helpers.php:390
E:\KULI AH\Semester\Semester 8\Tugas Akhir\Web 2\AzventoryWeb\vendor\laravel\framework\src\Illuminate\Database\Eloquent\Builder.php:1218
E:\KULI AH\Semester\Semester 8\Tugas Akhir\Web 2\AzventoryWeb\vendor\laravel\framework\src\Illuminate\Support\Traits\ForwardsCalls.php:23
E:\KULI AH\Semester\Semester 8\Tugas Akhir\Web 2\AzventoryWeb\vendor\laravel\framework\src\Illuminate\Database\Eloquent\Model.php:2540
E:\KULI AH\Semester\Semester 8\Tugas Akhir\Web 2\AzventoryWeb\vendor\laravel\framework\src\Illuminate\Database\Eloquent\Model.php:2556
E:\KULI AH\Semester\Semester 8\Tugas Akhir\Web 2\AzventoryWeb\tests\Feature\Roles\AdminRoleTest.php:326</error>
        </testcase>
        <testcase name="admin_can_access_borrow_show" file="E:\KULI AH\Semester\Semester 8\Tugas Akhir\Web 2\AzventoryWeb\tests\Feature\Roles\AdminRoleTest.php" line="338" class="Tests\Feature\Roles\AdminRoleTest" classname="Tests.Feature.Roles.AdminRoleTest" assertions="0" time="0.049847">
          <error type="Illuminate\Database\QueryException">Tests\Feature\Roles\AdminRoleTest::admin_can_access_borrow_show&#13;
Illuminate\Database\QueryException: SQLSTATE[23000]: Integrity constraint violation: 19 NOT NULL constraint failed: borrowings.borrower_name (Connection: sqlite, Database: :memory:, SQL: insert into "borrowings" ("sparepart_id", "user_id", "quantity", "status", "expected_return_at", "updated_at", "created_at") values (1, 1, 1, borrowed, 2026-02-23 00:10:48, 2026-02-21 00:10:48, 2026-02-21 00:10:48))
&#13;
E:\KULI AH\Semester\Semester 8\Tugas Akhir\Web 2\AzventoryWeb\vendor\laravel\framework\src\Illuminate\Database\Connection.php:838
E:\KULI AH\Semester\Semester 8\Tugas Akhir\Web 2\AzventoryWeb\vendor\laravel\framework\src\Illuminate\Database\Connection.php:794
E:\KULI AH\Semester\Semester 8\Tugas Akhir\Web 2\AzventoryWeb\vendor\laravel\framework\src\Illuminate\Database\Connection.php:573
E:\KULI AH\Semester\Semester 8\Tugas Akhir\Web 2\AzventoryWeb\vendor\laravel\framework\src\Illuminate\Database\Connection.php:537
E:\KULI AH\Semester\Semester 8\Tugas Akhir\Web 2\AzventoryWeb\vendor\laravel\framework\src\Illuminate\Database\Query\Processors\Processor.php:32
E:\KULI AH\Semester\Semester 8\Tugas Akhir\Web 2\AzventoryWeb\vendor\laravel\framework\src\Illuminate\Database\Query\Builder.php:4033
E:\KULI AH\Semester\Semester 8\Tugas Akhir\Web 2\AzventoryWeb\vendor\laravel\framework\src\Illuminate\Database\Eloquent\Builder.php:2235
E:\KULI AH\Semester\Semester 8\Tugas Akhir\Web 2\AzventoryWeb\vendor\laravel\framework\src\Illuminate\Database\Eloquent\Model.php:1436
E:\KULI AH\Semester\Semester 8\Tugas Akhir\Web 2\AzventoryWeb\vendor\laravel\framework\src\Illuminate\Database\Eloquent\Model.php:1401
E:\KULI AH\Semester\Semester 8\Tugas Akhir\Web 2\AzventoryWeb\vendor\laravel\framework\src\Illuminate\Database\Eloquent\Model.php:1240
E:\KULI AH\Semester\Semester 8\Tugas Akhir\Web 2\AzventoryWeb\vendor\laravel\framework\src\Illuminate\Database\Eloquent\Builder.php:1219
E:\KULI AH\Semester\Semester 8\Tugas Akhir\Web 2\AzventoryWeb\vendor\laravel\framework\src\Illuminate\Support\helpers.php:390
E:\KULI AH\Semester\Semester 8\Tugas Akhir\Web 2\AzventoryWeb\vendor\laravel\framework\src\Illuminate\Database\Eloquent\Builder.php:1218
E:\KULI AH\Semester\Semester 8\Tugas Akhir\Web 2\AzventoryWeb\vendor\laravel\framework\src\Illuminate\Support\Traits\ForwardsCalls.php:23
E:\KULI AH\Semester\Semester 8\Tugas Akhir\Web 2\AzventoryWeb\vendor\laravel\framework\src\Illuminate\Database\Eloquent\Model.php:2540
E:\KULI AH\Semester\Semester 8\Tugas Akhir\Web 2\AzventoryWeb\vendor\laravel\framework\src\Illuminate\Database\Eloquent\Model.php:2556
E:\KULI AH\Semester\Semester 8\Tugas Akhir\Web 2\AzventoryWeb\tests\Feature\Roles\AdminRoleTest.php:341</error>
        </testcase>
        <testcase name="admin_can_return_borrowed_item" file="E:\KULI AH\Semester\Semester 8\Tugas Akhir\Web 2\AzventoryWeb\tests\Feature\Roles\AdminRoleTest.php" line="353" class="Tests\Feature\Roles\AdminRoleTest" classname="Tests.Feature.Roles.AdminRoleTest" assertions="0" time="0.051827">
          <error type="Illuminate\Database\QueryException">Tests\Feature\Roles\AdminRoleTest::admin_can_return_borrowed_item&#13;
Illuminate\Database\QueryException: SQLSTATE[23000]: Integrity constraint violation: 19 NOT NULL constraint failed: borrowings.borrower_name (Connection: sqlite, Database: :memory:, SQL: insert into "borrowings" ("sparepart_id", "user_id", "quantity", "status", "expected_return_at", "updated_at", "created_at") values (1, 1, 2, borrowed, 2026-02-23 00:10:48, 2026-02-21 00:10:48, 2026-02-21 00:10:48))
&#13;
E:\KULI AH\Semester\Semester 8\Tugas Akhir\Web 2\AzventoryWeb\vendor\laravel\framework\src\Illuminate\Database\Connection.php:838
E:\KULI AH\Semester\Semester 8\Tugas Akhir\Web 2\AzventoryWeb\vendor\laravel\framework\src\Illuminate\Database\Connection.php:794
E:\KULI AH\Semester\Semester 8\Tugas Akhir\Web 2\AzventoryWeb\vendor\laravel\framework\src\Illuminate\Database\Connection.php:573
E:\KULI AH\Semester\Semester 8\Tugas Akhir\Web 2\AzventoryWeb\vendor\laravel\framework\src\Illuminate\Database\Connection.php:537
E:\KULI AH\Semester\Semester 8\Tugas Akhir\Web 2\AzventoryWeb\vendor\laravel\framework\src\Illuminate\Database\Query\Processors\Processor.php:32
E:\KULI AH\Semester\Semester 8\Tugas Akhir\Web 2\AzventoryWeb\vendor\laravel\framework\src\Illuminate\Database\Query\Builder.php:4033
E:\KULI AH\Semester\Semester 8\Tugas Akhir\Web 2\AzventoryWeb\vendor\laravel\framework\src\Illuminate\Database\Eloquent\Builder.php:2235
E:\KULI AH\Semester\Semester 8\Tugas Akhir\Web 2\AzventoryWeb\vendor\laravel\framework\src\Illuminate\Database\Eloquent\Model.php:1436
E:\KULI AH\Semester\Semester 8\Tugas Akhir\Web 2\AzventoryWeb\vendor\laravel\framework\src\Illuminate\Database\Eloquent\Model.php:1401
E:\KULI AH\Semester\Semester 8\Tugas Akhir\Web 2\AzventoryWeb\vendor\laravel\framework\src\Illuminate\Database\Eloquent\Model.php:1240
E:\KULI AH\Semester\Semester 8\Tugas Akhir\Web 2\AzventoryWeb\vendor\laravel\framework\src\Illuminate\Database\Eloquent\Builder.php:1219
E:\KULI AH\Semester\Semester 8\Tugas Akhir\Web 2\AzventoryWeb\vendor\laravel\framework\src\Illuminate\Support\helpers.php:390
E:\KULI AH\Semester\Semester 8\Tugas Akhir\Web 2\AzventoryWeb\vendor\laravel\framework\src\Illuminate\Database\Eloquent\Builder.php:1218
E:\KULI AH\Semester\Semester 8\Tugas Akhir\Web 2\AzventoryWeb\vendor\laravel\framework\src\Illuminate\Support\Traits\ForwardsCalls.php:23
E:\KULI AH\Semester\Semester 8\Tugas Akhir\Web 2\AzventoryWeb\vendor\laravel\framework\src\Illuminate\Database\Eloquent\Model.php:2540
E:\KULI AH\Semester\Semester 8\Tugas Akhir\Web 2\AzventoryWeb\vendor\laravel\framework\src\Illuminate\Database\Eloquent\Model.php:2556
E:\KULI AH\Semester\Semester 8\Tugas Akhir\Web 2\AzventoryWeb\tests\Feature\Roles\AdminRoleTest.php:356</error>
        </testcase>
        <testcase name="admin_can_download_reports" file="E:\KULI AH\Semester\Semester 8\Tugas Akhir\Web 2\AzventoryWeb\tests\Feature\Roles\AdminRoleTest.php" line="378" class="Tests\Feature\Roles\AdminRoleTest" classname="Tests.Feature.Roles.AdminRoleTest" assertions="1" time="0.292604"/>
        <testcase name="admin_can_access_movement_data" file="E:\KULI AH\Semester\Semester 8\Tugas Akhir\Web 2\AzventoryWeb\tests\Feature\Roles\AdminRoleTest.php" line="385" class="Tests\Feature\Roles\AdminRoleTest" classname="Tests.Feature.Roles.AdminRoleTest" assertions="0" time="0.070054">
          <error type="Symfony\Component\Routing\Exception\RouteNotFoundException">Tests\Feature\Roles\AdminRoleTest::admin_can_access_movement_data&#13;
Symfony\Component\Routing\Exception\RouteNotFoundException: Route [admin.movement-data] not defined.
&#13;
E:\KULI AH\Semester\Semester 8\Tugas Akhir\Web 2\AzventoryWeb\vendor\laravel\framework\src\Illuminate\Routing\UrlGenerator.php:526
E:\KULI AH\Semester\Semester 8\Tugas Akhir\Web 2\AzventoryWeb\vendor\laravel\framework\src\Illuminate\Foundation\helpers.php:871
E:\KULI AH\Semester\Semester 8\Tugas Akhir\Web 2\AzventoryWeb\tests\Feature\Roles\AdminRoleTest.php:387</error>
        </testcase>
      </testsuite>
    </testsuite>
  </testsuite>
</testsuites>
