<?xml version="1.0" encoding="UTF-8"?>
<testsuites>
  <testsuite name="Tests\Feature\Profile\TesProfil" file="E:\KULI AH\Semester\Semester 8\Tugas Akhir\Web 2\AzventoryWeb\tests\Feature\Profile\TesProfil.php" tests="9" assertions="34" errors="0" failures="1" skipped="0" time="1.761394">
    <testcase name="test_halaman_profil_dapat_tampil" file="E:\KULI AH\Semester\Semester 8\Tugas Akhir\Web 2\AzventoryWeb\tests\Feature\Profile\TesProfil.php" line="13" class="Tests\Feature\Profile\TesProfil" classname="Tests.Feature.Profile.TesProfil" assertions="1" time="0.392566"/>
    <testcase name="test_informasi_profil_dapat_diperbarui" file="E:\KULI AH\Semester\Semester 8\Tugas Akhir\Web 2\AzventoryWeb\tests\Feature\Profile\TesProfil.php" line="24" class="Tests\Feature\Profile\TesProfil" classname="Tests.Feature.Profile.TesProfil" assertions="7" time="0.038797"/>
    <testcase name="test_status_verifikasi_email_tidak_berubah_ketika_alamat_email_tidak_berubah" file="E:\KULI AH\Semester\Semester 8\Tugas Akhir\Web 2\AzventoryWeb\tests\Feature\Profile\TesProfil.php" line="48" class="Tests\Feature\Profile\TesProfil" classname="Tests.Feature.Profile.TesProfil" assertions="4" time="0.027304"/>
    <testcase name="test_user_dapat_menghapus_akun_mereka" file="E:\KULI AH\Semester\Semester 8\Tugas Akhir\Web 2\AzventoryWeb\tests\Feature\Profile\TesProfil.php" line="67" class="Tests\Feature\Profile\TesProfil" classname="Tests.Feature.Profile.TesProfil" assertions="5" time="0.028819"/>
    <testcase name="test_password_yang_benar_harus_diberikan_untuk_menghapus_akun" file="E:\KULI AH\Semester\Semester 8\Tugas Akhir\Web 2\AzventoryWeb\tests\Feature\Profile\TesProfil.php" line="85" class="Tests\Feature\Profile\TesProfil" classname="Tests.Feature.Profile.TesProfil" assertions="5" time="0.025790"/>
    <testcase name="test_halaman_inventaris_saya_dapat_tampil" file="E:\KULI AH\Semester\Semester 8\Tugas Akhir\Web 2\AzventoryWeb\tests\Feature\Profile\TesProfil.php" line="103" class="Tests\Feature\Profile\TesProfil" classname="Tests.Feature.Profile.TesProfil" assertions="1" time="1.155315">
      <failure type="PHPUnit\Framework\ExpectationFailedException">Tests\Feature\Profile\TesProfil::test_halaman_inventaris_saya_dapat_tampil&#13;
Expected response status code [200] but received 500.
Failed asserting that 500 is identical to 200.
&#13;
E:\KULI AH\Semester\Semester 8\Tugas Akhir\Web 2\AzventoryWeb\vendor\laravel\framework\src\Illuminate\Testing\TestResponseAssert.php:45
E:\KULI AH\Semester\Semester 8\Tugas Akhir\Web 2\AzventoryWeb\vendor\laravel\framework\src\Illuminate\Testing\TestResponse.php:174
E:\KULI AH\Semester\Semester 8\Tugas Akhir\Web 2\AzventoryWeb\tests\Feature\Profile\TesProfil.php:120</failure>
    </testcase>
    <testcase name="test_superadmin_terakhir_tidak_dapat_menghapus_akun_sendiri" file="E:\KULI AH\Semester\Semester 8\Tugas Akhir\Web 2\AzventoryWeb\tests\Feature\Profile\TesProfil.php" line="124" class="Tests\Feature\Profile\TesProfil" classname="Tests.Feature.Profile.TesProfil" assertions="4" time="0.025093"/>
    <testcase name="test_superadmin_dapat_menghapus_akun_jika_ada_superadmin_lain" file="E:\KULI AH\Semester\Semester 8\Tugas Akhir\Web 2\AzventoryWeb\tests\Feature\Profile\TesProfil.php" line="146" class="Tests\Feature\Profile\TesProfil" classname="Tests.Feature.Profile.TesProfil" assertions="3" time="0.028703"/>
    <testcase name="test_foto_profil_dapat_dihapus" file="E:\KULI AH\Semester\Semester 8\Tugas Akhir\Web 2\AzventoryWeb\tests\Feature\Profile\TesProfil.php" line="161" class="Tests\Feature\Profile\TesProfil" classname="Tests.Feature.Profile.TesProfil" assertions="4" time="0.039010"/>
  </testsuite>
</testsuites>
